---
source: tests/e2e.rs
expression: "String::from_utf8(cmd.ok().unwrap().stdout)?"
---
module attributes {llvm.data_layout = ""} {
  llvm.func @fdopen(i32, !llvm.ptr) -> !llvm.ptr attributes {llvm.emit_c_interface, sym_visibility = "private"}
  llvm.func @fclose(!llvm.ptr) attributes {llvm.emit_c_interface, sym_visibility = "private"}
  llvm.func @fwrite(!llvm.ptr, i32, i32, !llvm.ptr) -> i32 attributes {llvm.emit_c_interface, sym_visibility = "private"}
  llvm.func @sprintf(!llvm.ptr, !llvm.ptr, i32) -> i32 attributes {llvm.emit_c_interface, sym_visibility = "private"}
  llvm.func @fflush(!llvm.ptr) -> i32 attributes {llvm.emit_c_interface, sym_visibility = "private"}
  llvm.func @sleep(i32) -> i32 attributes {llvm.emit_c_interface, sym_visibility = "private"}
  llvm.mlir.global internal @annonstr0("w") {addr_space = 0 : i32}
  llvm.func @print(%arg0: !llvm.ptr, %arg1: i32) {
    %0 = llvm.mlir.constant(1 : index) : i64
    %1 = llvm.alloca %0 x !llvm.ptr : (i64) -> !llvm.ptr
    %2 = llvm.mlir.undef : !llvm.struct<(ptr, ptr, i64)>
    %3 = llvm.insertvalue %1, %2[0] : !llvm.struct<(ptr, ptr, i64)> 
    %4 = llvm.insertvalue %1, %3[1] : !llvm.struct<(ptr, ptr, i64)> 
    %5 = llvm.mlir.constant(0 : index) : i64
    %6 = llvm.insertvalue %5, %4[2] : !llvm.struct<(ptr, ptr, i64)> 
    llvm.store %arg0, %1 : !llvm.ptr, !llvm.ptr
    %7 = llvm.mlir.constant(1 : index) : i64
    %8 = llvm.alloca %7 x i32 : (i64) -> !llvm.ptr
    %9 = llvm.mlir.undef : !llvm.struct<(ptr, ptr, i64)>
    %10 = llvm.insertvalue %8, %9[0] : !llvm.struct<(ptr, ptr, i64)> 
    %11 = llvm.insertvalue %8, %10[1] : !llvm.struct<(ptr, ptr, i64)> 
    %12 = llvm.mlir.constant(0 : index) : i64
    %13 = llvm.insertvalue %12, %11[2] : !llvm.struct<(ptr, ptr, i64)> 
    llvm.store %arg1, %8 : i32, !llvm.ptr
    %14 = llvm.mlir.constant(1 : i32) : i32
    %15 = llvm.mlir.addressof @annonstr0 : !llvm.ptr
    %16 = llvm.call @fdopen(%14, %15) : (i32, !llvm.ptr) -> !llvm.ptr
    %17 = llvm.mlir.constant(1 : index) : i64
    %18 = llvm.alloca %17 x !llvm.ptr : (i64) -> !llvm.ptr
    %19 = llvm.mlir.undef : !llvm.struct<(ptr, ptr, i64)>
    %20 = llvm.insertvalue %18, %19[0] : !llvm.struct<(ptr, ptr, i64)> 
    %21 = llvm.insertvalue %18, %20[1] : !llvm.struct<(ptr, ptr, i64)> 
    %22 = llvm.mlir.constant(0 : index) : i64
    %23 = llvm.insertvalue %22, %21[2] : !llvm.struct<(ptr, ptr, i64)> 
    llvm.store %16, %18 : !llvm.ptr, !llvm.ptr
    %24 = llvm.load %1 : !llvm.ptr -> !llvm.ptr
    %25 = llvm.load %8 : !llvm.ptr -> i32
    %26 = llvm.mlir.constant(1 : i32) : i32
    %27 = llvm.load %18 : !llvm.ptr -> !llvm.ptr
    %28 = llvm.call @fwrite(%24, %25, %26, %27) : (!llvm.ptr, i32, i32, !llvm.ptr) -> i32
    llvm.return
  }
  llvm.mlir.global internal @annonstr1("hello \0A") {addr_space = 0 : i32}
  llvm.func @main() attributes {llvm.emit_c_interface} {
    %0 = llvm.mlir.constant(0 : i32) : i32
    %1 = llvm.mlir.constant(1 : index) : i64
    %2 = llvm.alloca %1 x i32 : (i64) -> !llvm.ptr
    %3 = llvm.mlir.undef : !llvm.struct<(ptr, ptr, i64)>
    %4 = llvm.insertvalue %2, %3[0] : !llvm.struct<(ptr, ptr, i64)> 
    %5 = llvm.insertvalue %2, %4[1] : !llvm.struct<(ptr, ptr, i64)> 
    %6 = llvm.mlir.constant(0 : index) : i64
    %7 = llvm.insertvalue %6, %5[2] : !llvm.struct<(ptr, ptr, i64)> 
    llvm.store %0, %2 : i32, !llvm.ptr
    llvm.br ^bb1
  ^bb1:  // 2 preds: ^bb0, ^bb2
    %8 = llvm.load %2 : !llvm.ptr -> i32
    %9 = llvm.mlir.constant(10 : i32) : i32
    %10 = llvm.icmp "slt" %8, %9 : i32
    llvm.cond_br %10, ^bb2, ^bb3
  ^bb2:  // pred: ^bb1
    %11 = llvm.load %2 : !llvm.ptr -> i32
    %12 = llvm.mlir.constant(1 : i32) : i32
    %13 = llvm.add %11, %12  : i32
    llvm.store %13, %2 : i32, !llvm.ptr
    %14 = llvm.mlir.addressof @annonstr1 : !llvm.ptr
    %15 = llvm.mlir.constant(8 : i32) : i32
    llvm.call @print(%14, %15) : (!llvm.ptr, i32) -> ()
    llvm.br ^bb1
  ^bb3:  // pred: ^bb1
    llvm.return
  }
  llvm.func @_mlir_ciface_main() attributes {llvm.emit_c_interface} {
    llvm.call @main() : () -> ()
    llvm.return
  }
}


