---
source: crates/compiler/src/ir.rs
expression: "format!(\"{}\", control_flow_graph)"
---
entry point: block_19
