---
source: crates/compiler/src/ir.rs
expression: "format!(\"{}\", control_flow_graph)"
---
entry point: block_14
block_14 -> [block_19, ]
block_19 -> [block_22, block_25, ]
block_22 -> [block_19, ]
