---
source: crates/compiler/src/ir.rs
expression: "format!(\"{}\", control_flow_graph)"
---
entry point: block_14
block_14 -> [block_20, ]
block_20 -> [block_21, ]
