---
source: src/analysis/liveness_analysis.rs
expression: "format!(\"{:#?}\", analysis_result)"
---
Ok(
    {
        FunctionDeclarationID(
            17,
        ): VariableLiveness {
            variables: {
                SSAID(
                    2,
                ): AbstractAddressRange {
                    start_address: AbstractAddress {
                        block_id: BlockId(
                            1,
                        ),
                        inststruction: 17,
                    },
                    end_addresses: [
                        AbstractAddress {
                            block_id: BlockId(
                                1,
                            ),
                            inststruction: 17,
                        },
                    ],
                },
                SSAID(
                    3,
                ): AbstractAddressRange {
                    start_address: AbstractAddress {
                        block_id: BlockId(
                            1,
                        ),
                        inststruction: 18,
                    },
                    end_addresses: [
                        AbstractAddress {
                            block_id: BlockId(
                                1,
                            ),
                            inststruction: 18,
                        },
                    ],
                },
                SSAID(
                    4,
                ): AbstractAddressRange {
                    start_address: AbstractAddress {
                        block_id: BlockId(
                            1,
                        ),
                        inststruction: 7,
                    },
                    end_addresses: [
                        AbstractAddress {
                            block_id: BlockId(
                                1,
                            ),
                            inststruction: 7,
                        },
                    ],
                },
                SSAID(
                    5,
                ): AbstractAddressRange {
                    start_address: AbstractAddress {
                        block_id: BlockId(
                            1,
                        ),
                        inststruction: 8,
                    },
                    end_addresses: [
                        AbstractAddress {
                            block_id: BlockId(
                                1,
                            ),
                            inststruction: 8,
                        },
                    ],
                },
                SSAID(
                    6,
                ): AbstractAddressRange {
                    start_address: AbstractAddress {
                        block_id: BlockId(
                            1,
                        ),
                        inststruction: 6,
                    },
                    end_addresses: [
                        AbstractAddress {
                            block_id: BlockId(
                                1,
                            ),
                            inststruction: 10,
                        },
                    ],
                },
                SSAID(
                    7,
                ): AbstractAddressRange {
                    start_address: AbstractAddress {
                        block_id: BlockId(
                            1,
                        ),
                        inststruction: 9,
                    },
                    end_addresses: [
                        AbstractAddress {
                            block_id: BlockId(
                                1,
                            ),
                            inststruction: 20,
                        },
                    ],
                },
                SSAID(
                    8,
                ): AbstractAddressRange {
                    start_address: AbstractAddress {
                        block_id: BlockId(
                            1,
                        ),
                        inststruction: 19,
                    },
                    end_addresses: [
                        AbstractAddress {
                            block_id: BlockId(
                                1,
                            ),
                            inststruction: 19,
                        },
                    ],
                },
                SSAID(
                    9,
                ): AbstractAddressRange {
                    start_address: AbstractAddress {
                        block_id: BlockId(
                            1,
                        ),
                        inststruction: 16,
                    },
                    end_addresses: [
                        AbstractAddress {
                            block_id: BlockId(
                                1,
                            ),
                            inststruction: 16,
                        },
                    ],
                },
            },
            variable_moved: {
                SSAID(
                    6,
                ): {
                    BlockId(
                        1,
                    ),
                },
            },
            loans: {},
        },
        FunctionDeclarationID(
            28,
        ): VariableLiveness {
            variables: {
                SSAID(
                    11,
                ): AbstractAddressRange {
                    start_address: AbstractAddress {
                        block_id: BlockId(
                            10,
                        ),
                        inststruction: 2,
                    },
                    end_addresses: [
                        AbstractAddress {
                            block_id: BlockId(
                                10,
                            ),
                            inststruction: 2,
                        },
                    ],
                },
                SSAID(
                    12,
                ): AbstractAddressRange {
                    start_address: AbstractAddress {
                        block_id: BlockId(
                            10,
                        ),
                        inststruction: 1,
                    },
                    end_addresses: [
                        AbstractAddress {
                            block_id: BlockId(
                                10,
                            ),
                            inststruction: 7,
                        },
                    ],
                },
                SSAID(
                    13,
                ): AbstractAddressRange {
                    start_address: AbstractAddress {
                        block_id: BlockId(
                            10,
                        ),
                        inststruction: 5,
                    },
                    end_addresses: [
                        AbstractAddress {
                            block_id: BlockId(
                                10,
                            ),
                            inststruction: 5,
                        },
                    ],
                },
                SSAID(
                    14,
                ): AbstractAddressRange {
                    start_address: AbstractAddress {
                        block_id: BlockId(
                            10,
                        ),
                        inststruction: 4,
                    },
                    end_addresses: [
                        AbstractAddress {
                            block_id: BlockId(
                                10,
                            ),
                            inststruction: 8,
                        },
                    ],
                },
                SSAID(
                    15,
                ): AbstractAddressRange {
                    start_address: AbstractAddress {
                        block_id: BlockId(
                            10,
                        ),
                        inststruction: 10,
                    },
                    end_addresses: [
                        AbstractAddress {
                            block_id: BlockId(
                                10,
                            ),
                            inststruction: 10,
                        },
                    ],
                },
                SSAID(
                    16,
                ): AbstractAddressRange {
                    start_address: AbstractAddress {
                        block_id: BlockId(
                            10,
                        ),
                        inststruction: 9,
                    },
                    end_addresses: [
                        AbstractAddress {
                            block_id: BlockId(
                                10,
                            ),
                            inststruction: 9,
                        },
                    ],
                },
            },
            variable_moved: {
                SSAID(
                    11,
                ): {
                    BlockId(
                        10,
                    ),
                },
                SSAID(
                    12,
                ): {
                    BlockId(
                        10,
                    ),
                },
                SSAID(
                    13,
                ): {
                    BlockId(
                        10,
                    ),
                },
                SSAID(
                    14,
                ): {
                    BlockId(
                        10,
                    ),
                },
                SSAID(
                    15,
                ): {
                    BlockId(
                        10,
                    ),
                },
            },
            loans: {},
        },
    },
)
