---
source: src/analysis/liveness_analysis.rs
expression: "format!(\"{:#?}\", analysis_result)"
---
Ok(
    {
        FunctionId(
            TSIdentifier(
                "borrow_val",
            ),
        ): VariableLiveness {
            variables: {
                SSAID(
                    17,
                ): AbstractAddressRange {
                    start_address: AbstractAddress {
                        block_id: BlockId(
                            16,
                        ),
                        inststruction: 0,
                    },
                    end_addresses: [
                        AbstractAddress {
                            block_id: BlockId(
                                16,
                            ),
                            inststruction: 0,
                        },
                    ],
                },
            },
            variable_moved: {},
            loans: {},
        },
        FunctionId(
            TSIdentifier(
                "main",
            ),
        ): VariableLiveness {
            variables: {
                SSAID(
                    11,
                ): AbstractAddressRange {
                    start_address: AbstractAddress {
                        block_id: BlockId(
                            10,
                        ),
                        inststruction: 0,
                    },
                    end_addresses: [
                        AbstractAddress {
                            block_id: BlockId(
                                12,
                            ),
                            inststruction: 2,
                        },
                    ],
                },
            },
            variable_moved: {},
            loans: {},
        },
        FunctionId(
            TSIdentifier(
                "move_val",
            ),
        ): VariableLiveness {
            variables: {
                SSAID(
                    14,
                ): AbstractAddressRange {
                    start_address: AbstractAddress {
                        block_id: BlockId(
                            13,
                        ),
                        inststruction: 0,
                    },
                    end_addresses: [
                        AbstractAddress {
                            block_id: BlockId(
                                13,
                            ),
                            inststruction: 0,
                        },
                    ],
                },
            },
            variable_moved: {},
            loans: {},
        },
        FunctionId(
            TSIdentifier(
                "print",
            ),
        ): VariableLiveness {
            variables: {
                SSAID(
                    2,
                ): AbstractAddressRange {
                    start_address: AbstractAddress {
                        block_id: BlockId(
                            1,
                        ),
                        inststruction: 0,
                    },
                    end_addresses: [
                        AbstractAddress {
                            block_id: BlockId(
                                4,
                            ),
                            inststruction: 6,
                        },
                    ],
                },
                SSAID(
                    3,
                ): AbstractAddressRange {
                    start_address: AbstractAddress {
                        block_id: BlockId(
                            1,
                        ),
                        inststruction: 1,
                    },
                    end_addresses: [
                        AbstractAddress {
                            block_id: BlockId(
                                4,
                            ),
                            inststruction: 7,
                        },
                    ],
                },
                SSAID(
                    5,
                ): AbstractAddressRange {
                    start_address: AbstractAddress {
                        block_id: BlockId(
                            4,
                        ),
                        inststruction: 1,
                    },
                    end_addresses: [
                        AbstractAddress {
                            block_id: BlockId(
                                4,
                            ),
                            inststruction: 8,
                        },
                    ],
                },
            },
            variable_moved: {},
            loans: {},
        },
    },
)
