---
source: src/analysis/borrow_checker.rs
expression: "format!(\"{:#?}\", analysis_result)"
---
Err(
    "variable value was already Some(Moved)",
)
