---
source: crates/compiler/src/analysis/borrow_checker.rs
expression: "format!(\"{:#?}\", analysis_result)"
---
Ok(
    (),
)
