---
source: crates/compiler/src/analysis/free_dead_resources.rs
expression: "format!(\"{}\", ir_program)"
---
IR:
fn 17:
block_1
0: 2_val = fnarg
1: 3_len = fnarg
2: 4_anonymous := Int(1)
3: borrow(4_anonymous)
4: 5_anonymous := "w"
5: borrow(5_anonymous)
6: receiver_Ssaid(6) = @0( let 4_anonymous, let 5_anonymous,)
7: borrow_end(4_anonymous)
8: borrow_end(5_anonymous)
9: 7_stdoutptr = 6_fdopen_result
10: drop(4_anonymous)
11: move(6_fdopen_result)
12: drop(5_anonymous)
13: borrow(2_val)
14: borrow(3_len)
15: 8_anonymous := Int(1)
16: borrow(8_anonymous)
17: borrow(7_stdoutptr)
18: receiver_Ssaid(9) = @2( let 2_val, let 3_len, let 8_anonymous, let 7_stdoutptr,)
19: borrow_end(2_val)
20: drop(2_val)
21: borrow_end(3_len)
22: drop(3_len)
23: drop(9_fwrite_result)
24: borrow_end(8_anonymous)
25: borrow_end(7_stdoutptr)
26: drop(8_anonymous)
27: drop(7_stdoutptr)
28: return

fn 28:
block_10
0: 11_anonymous := Int(2)
1: 12_a = 11_anonymous
2: move(11_anonymous)
3: 13_anonymous := Int(3)
4: 14_b = 13_anonymous
5: move(13_anonymous)
6: 15_@addition_result = 12_a + 14_b
7: move(12_a)
8: move(14_b)
9: 16_result = 15_@addition_result
10: drop(16_result)
11: move(15_@addition_result)
12: return
