---
source: crates/compiler/src/analysis/liveness_analysis.rs
expression: "format!(\"{:#?}\", analysis_result)"
---
Ok(
    {
        FunctionDeclarationID(
            17,
        ): VariableLiveness {
            variables: {
                Ssaid(
                    6,
                ): AbstractAddressRange {
                    start_address: AbstractAddress {
                        block_id: BlockId(
                            5,
                        ),
                        inststruction: 17,
                    },
                    end_addresses: [
                        AbstractAddress {
                            block_id: BlockId(
                                5,
                            ),
                            inststruction: 17,
                        },
                    ],
                },
                Ssaid(
                    7,
                ): AbstractAddressRange {
                    start_address: AbstractAddress {
                        block_id: BlockId(
                            5,
                        ),
                        inststruction: 18,
                    },
                    end_addresses: [
                        AbstractAddress {
                            block_id: BlockId(
                                5,
                            ),
                            inststruction: 18,
                        },
                    ],
                },
                Ssaid(
                    8,
                ): AbstractAddressRange {
                    start_address: AbstractAddress {
                        block_id: BlockId(
                            5,
                        ),
                        inststruction: 7,
                    },
                    end_addresses: [
                        AbstractAddress {
                            block_id: BlockId(
                                5,
                            ),
                            inststruction: 7,
                        },
                    ],
                },
                Ssaid(
                    9,
                ): AbstractAddressRange {
                    start_address: AbstractAddress {
                        block_id: BlockId(
                            5,
                        ),
                        inststruction: 8,
                    },
                    end_addresses: [
                        AbstractAddress {
                            block_id: BlockId(
                                5,
                            ),
                            inststruction: 8,
                        },
                    ],
                },
                Ssaid(
                    10,
                ): AbstractAddressRange {
                    start_address: AbstractAddress {
                        block_id: BlockId(
                            5,
                        ),
                        inststruction: 6,
                    },
                    end_addresses: [
                        AbstractAddress {
                            block_id: BlockId(
                                5,
                            ),
                            inststruction: 10,
                        },
                    ],
                },
                Ssaid(
                    11,
                ): AbstractAddressRange {
                    start_address: AbstractAddress {
                        block_id: BlockId(
                            5,
                        ),
                        inststruction: 9,
                    },
                    end_addresses: [
                        AbstractAddress {
                            block_id: BlockId(
                                5,
                            ),
                            inststruction: 20,
                        },
                    ],
                },
                Ssaid(
                    12,
                ): AbstractAddressRange {
                    start_address: AbstractAddress {
                        block_id: BlockId(
                            5,
                        ),
                        inststruction: 19,
                    },
                    end_addresses: [
                        AbstractAddress {
                            block_id: BlockId(
                                5,
                            ),
                            inststruction: 19,
                        },
                    ],
                },
                Ssaid(
                    13,
                ): AbstractAddressRange {
                    start_address: AbstractAddress {
                        block_id: BlockId(
                            5,
                        ),
                        inststruction: 16,
                    },
                    end_addresses: [
                        AbstractAddress {
                            block_id: BlockId(
                                5,
                            ),
                            inststruction: 16,
                        },
                    ],
                },
            },
            variable_moved: {
                Ssaid(
                    10,
                ): {
                    BlockId(
                        5,
                    ),
                },
            },
        },
        FunctionDeclarationID(
            33,
        ): VariableLiveness {
            variables: {
                Ssaid(
                    16,
                ): AbstractAddressRange {
                    start_address: AbstractAddress {
                        block_id: BlockId(
                            14,
                        ),
                        inststruction: 8,
                    },
                    end_addresses: [
                        AbstractAddress {
                            block_id: BlockId(
                                14,
                            ),
                            inststruction: 8,
                        },
                    ],
                },
                Ssaid(
                    17,
                ): AbstractAddressRange {
                    start_address: AbstractAddress {
                        block_id: BlockId(
                            14,
                        ),
                        inststruction: 3,
                    },
                    end_addresses: [
                        AbstractAddress {
                            block_id: BlockId(
                                14,
                            ),
                            inststruction: 3,
                        },
                    ],
                },
                Ssaid(
                    18,
                ): AbstractAddressRange {
                    start_address: AbstractAddress {
                        block_id: BlockId(
                            14,
                        ),
                        inststruction: 4,
                    },
                    end_addresses: [
                        AbstractAddress {
                            block_id: BlockId(
                                14,
                            ),
                            inststruction: 4,
                        },
                    ],
                },
                Ssaid(
                    19,
                ): AbstractAddressRange {
                    start_address: AbstractAddress {
                        block_id: BlockId(
                            14,
                        ),
                        inststruction: 5,
                    },
                    end_addresses: [
                        AbstractAddress {
                            block_id: BlockId(
                                14,
                            ),
                            inststruction: 5,
                        },
                    ],
                },
                Ssaid(
                    20,
                ): AbstractAddressRange {
                    start_address: AbstractAddress {
                        block_id: BlockId(
                            14,
                        ),
                        inststruction: 7,
                    },
                    end_addresses: [
                        AbstractAddress {
                            block_id: BlockId(
                                14,
                            ),
                            inststruction: 21,
                        },
                    ],
                },
                Ssaid(
                    21,
                ): AbstractAddressRange {
                    start_address: AbstractAddress {
                        block_id: BlockId(
                            14,
                        ),
                        inststruction: 10,
                    },
                    end_addresses: [
                        AbstractAddress {
                            block_id: BlockId(
                                14,
                            ),
                            inststruction: 10,
                        },
                    ],
                },
                Ssaid(
                    22,
                ): AbstractAddressRange {
                    start_address: AbstractAddress {
                        block_id: BlockId(
                            14,
                        ),
                        inststruction: 17,
                    },
                    end_addresses: [
                        AbstractAddress {
                            block_id: BlockId(
                                14,
                            ),
                            inststruction: 17,
                        },
                    ],
                },
                Ssaid(
                    23,
                ): AbstractAddressRange {
                    start_address: AbstractAddress {
                        block_id: BlockId(
                            14,
                        ),
                        inststruction: 18,
                    },
                    end_addresses: [
                        AbstractAddress {
                            block_id: BlockId(
                                14,
                            ),
                            inststruction: 18,
                        },
                    ],
                },
                Ssaid(
                    24,
                ): AbstractAddressRange {
                    start_address: AbstractAddress {
                        block_id: BlockId(
                            14,
                        ),
                        inststruction: 20,
                    },
                    end_addresses: [
                        AbstractAddress {
                            block_id: BlockId(
                                14,
                            ),
                            inststruction: 20,
                        },
                    ],
                },
                Ssaid(
                    25,
                ): AbstractAddressRange {
                    start_address: AbstractAddress {
                        block_id: BlockId(
                            14,
                        ),
                        inststruction: 27,
                    },
                    end_addresses: [
                        AbstractAddress {
                            block_id: BlockId(
                                14,
                            ),
                            inststruction: 27,
                        },
                    ],
                },
                Ssaid(
                    26,
                ): AbstractAddressRange {
                    start_address: AbstractAddress {
                        block_id: BlockId(
                            14,
                        ),
                        inststruction: 28,
                    },
                    end_addresses: [
                        AbstractAddress {
                            block_id: BlockId(
                                14,
                            ),
                            inststruction: 28,
                        },
                    ],
                },
            },
            variable_moved: {
                Ssaid(
                    16,
                ): {
                    BlockId(
                        14,
                    ),
                },
                Ssaid(
                    17,
                ): {
                    BlockId(
                        14,
                    ),
                },
                Ssaid(
                    18,
                ): {
                    BlockId(
                        14,
                    ),
                },
                Ssaid(
                    19,
                ): {
                    BlockId(
                        14,
                    ),
                },
                Ssaid(
                    20,
                ): {
                    BlockId(
                        14,
                    ),
                },
                Ssaid(
                    21,
                ): {
                    BlockId(
                        14,
                    ),
                },
                Ssaid(
                    24,
                ): {
                    BlockId(
                        14,
                    ),
                },
            },
        },
    },
)
