---
source: src/analysis/free_dead_resources.rs
expression: "format!(\"{}\", ir_program)"
---
IR:
fn borrow_val:
block_13
0: = 14_v
1: drop(14_v)

block_15

fn main:
block_6

block_7
0: = 8_val

block_9

block_10

block_12
0: drop(8_val)

block_11
0: borrow(8_val)
1: @borrow_val( let 8_val,)
2: borrow_end(8_val)

fn print:
block_1
0: = 2_val
1: = 3_len

block_4
0: @fdopen()
1: = 5_stdoutptr
2: borrow(2_val)
3: borrow(3_len)
4: borrow(5_stdoutptr)
5: @fwrite( let 2_val, let 3_len, let 5_stdoutptr,)
6: borrow_end(2_val)
7: drop(2_val)
8: borrow_end(3_len)
9: drop(3_len)
10: borrow_end(5_stdoutptr)
11: drop(5_stdoutptr)
