---
source: src/ir.rs
expression: "format!(\"{}\", control_flow_graph)"
---
entry point: block_10
block_10 -> [block_13, ]
block_13 -> [block_17, block_18, ]
block_17 -> [block_13, ]
