---
source: src/ir.rs
expression: "format!(\"{}\", control_flow_graph)"
---
entry point: block_25
block_25 -> [block_27, ]
