---
source: src/ir.rs
expression: "format!(\"{}\", control_flow_graph)"
---
entry point: block_1
block_1 -> [block_4, ]
